
> mire-desk@1.0.82 test
> vitest frontend/hooks/__tests__/ConnectionFlow.test.tsx --run

Ôä╣´©Å  HTTPS desabilitado (certificados n├úo encontrados)

[1m[46m RUN [49m[22m [36mv4.0.17 [39m[90mC:/projetos/miredek[39m

[90mstdout[2m | frontend/hooks/__tests__/ConnectionFlow.test.tsx[2m > [22m[2mConnection Flow Tests[2m > [22m[2m1. Host Initialization (Auto-Source Selection)[2m > [22m[2mshould auto-select the first available source on mount
[22m[39m[Host] Selecionando fonte: screen1
[Host] Usando getUserMedia (Electron) para Source ID: screen1

[90mstdout[2m | frontend/hooks/__tests__/ConnectionFlow.test.tsx[2m > [22m[2mConnection Flow Tests[2m > [22m[2m1. Host Initialization (Auto-Source Selection)[2m > [22m[2mshould auto-select the first available source on mount
[22m[39m[Host] Stream capturado com sucesso: mock-stream

[90mstdout[2m | frontend/hooks/__tests__/ConnectionFlow.test.tsx[2m > [22m[2mConnection Flow Tests[2m > [22m[2m2. Client Initiation (Connect To)[2m > [22m[2mshould initiate BOTH data connection and video call when connecting
[22m[39m[Client] Iniciando chamada de v├¡deo para: host-remote-id
[session-1769954047675] Conectando ao ID: host-remote-id

[90mstdout[2m | frontend/hooks/__tests__/ConnectionFlow.test.tsx[2m > [22m[2mConnection Flow Tests[2m > [22m[2m2. Client Initiation (Connect To)[2m > [22m[2mshould initiate BOTH data connection and video call when connecting
[22m[39m[session-1769954047675] Peer criado: session-1769954047675-1769954047676

[90mstdout[2m | frontend/hooks/__tests__/ConnectionFlow.test.tsx[2m > [22m[2mConnection Flow Tests[2m > [22m[2m3. Host Reception (Trigger Window Open)[2m > [22m[2mshould call onShowRequest when receiving a DATA connection
[22m[39m[Peer] Iniciando com config: {
  host: [32m'localhost'[39m,
  port: [33m9000[39m,
  path: [32m'/peerjs'[39m,
  config: { iceServers: [ [36m[Object][39m ] }
}

[90mstdout[2m | frontend/hooks/__tests__/ConnectionFlow.test.tsx[2m > [22m[2mConnection Flow Tests[2m > [22m[2m3. Host Reception (Trigger Window Open)[2m > [22m[2mshould call onShowRequest when receiving a VIDEO call
[22m[39m[Peer] Iniciando com config: {
  host: [32m'localhost'[39m,
  port: [33m9000[39m,
  path: [32m'/peerjs'[39m,
  config: { iceServers: [ [36m[Object][39m ] }
}

[90mstdout[2m | frontend/hooks/__tests__/ConnectionFlow.test.tsx[2m > [22m[2mConnection Flow Tests[2m > [22m[2m3. Host Reception (Trigger Window Open)[2m > [22m[2mshould call onShowRequest when receiving a VIDEO call
[22m[39m[Peer] Call Recebido de: client-id

[90mstdout[2m | frontend/hooks/__tests__/ConnectionFlow.test.tsx[2m > [22m[2mConnection Flow Tests[2m > [22m[2m4. Password Authentication[2m > [22m[2mshould send AUTH message automatically when connecting if password is saved
[22m[39m[Client] Iniciando chamada de v├¡deo para: host-remote-id
[session-1769954047731] Conectando ao ID: host-remote-id

 [31mÔØ»[39m frontend/hooks/__tests__/ConnectionFlow.test.tsx [2m([22m[2m6 tests[22m[2m | [22m[31m2 failed[39m[2m)[22m[33m 1171[2mms[22m[39m
       [32mÔ£ô[39m should auto-select the first available source on mount[32m 85[2mms[22m[39m
       [32mÔ£ô[39m should initiate BOTH data connection and video call when connecting[32m 24[2mms[22m[39m
       [32mÔ£ô[39m should call onShowRequest when receiving a DATA connection[32m 15[2mms[22m[39m
       [32mÔ£ô[39m should call onShowRequest when receiving a VIDEO call[32m 17[2mms[22m[39m
[31m       [31m├ù[31m should send AUTH message automatically when connecting if password is saved[39m[33m 1020[2mms[22m[39m
[31m       [31m├ù[31m should respond with AUTH_STATUS OK when Host receives correct password[39m[32m 8[2mms[22m[39m

[2m Test Files [22m [1m[31m1 failed[39m[22m[90m (1)[39m
[2m      Tests [22m [1m[31m2 failed[39m[22m[2m | [22m[1m[32m4 passed[39m[22m[90m (6)[39m
[2m   Start at [22m 10:54:06
[2m   Duration [22m 2.63s[2m (transform 150ms, setup 138ms, import 208ms, tests 1.17s, environment 864ms)[22m

